// Vitest Snapshot v1

exports[`sample > title > aaa 1`] = `
"<!DOCTYPE html><html><head>
  <meta charset=\\"utf-8\\">
  <title>Vitest Test Page</title>
</head>
<body>
  <div id=\\"pagetitle\\">
    Vitest Test
  </div>
  <div>
    <input type=\\"text\\" id=\\"test\\">
  </div>


</body></html>"
`;
